"this";"i""s";"csv"
"anot""her";"1";"line"
""
"above is empty line"
