"this";"is";"csv"
"another";"1";"line"
""
"above is empty line"
